../Core/Src/main.c:84:5:decodeButtons	24	static
../Core/Src/main.c:121:6:snakeInitialization	16	static
../Core/Src/main.c:139:5:main	32	static
../Core/Src/main.c:235:6:SystemClock_Config	88	static
../Core/Src/main.c:277:13:MX_I2C1_Init	8	static
../Core/Src/main.c:311:13:MX_I2C2_Init	8	static
../Core/Src/main.c:345:13:MX_SPI1_Init	8	static
../Core/Src/main.c:383:13:MX_TIM2_Init	32	static
../Core/Src/main.c:428:13:MX_TIM5_Init	32	static
../Core/Src/main.c:473:13:MX_TIM11_Init	8	static
../Core/Src/main.c:504:13:MX_GPIO_Init	40	static
../Core/Src/main.c:565:6:Error_Handler	4	static,ignoring_inline_asm
