11:11:19 **** Incremental Build of configuration Debug for project Snake_game ****
make -j8 all 
arm-none-eabi-gcc "../Core/Src/main.c" -mcpu=cortex-m4 -std=gnu11 -g3 -DDEBUG -DUSE_HAL_DRIVER -DSTM32F411xE -c -I../Core/Inc -I../Drivers/STM32F4xx_HAL_Driver/Inc -I../Drivers/STM32F4xx_HAL_Driver/Inc/Legacy -I../Drivers/CMSIS/Device/ST/STM32F4xx/Include -I../Drivers/CMSIS/Include -O0 -ffunction-sections -fdata-sections -Wall -fstack-usage -MMD -MP -MF"Core/Src/main.d" -MT"Core/Src/main.o" --specs=nano.specs -mfpu=fpv4-sp-d16 -mfloat-abi=hard -mthumb -o "Core/Src/main.o"
../Core/Src/main.c: In function 'main':
../Core/Src/main.c:210:6: warning: implicit declaration of function 'itoa' [-Wimplicit-function-declaration]
  210 |      itoa(scoreInt,score,10);
      |      ^~~~
arm-none-eabi-gcc -o "Snake_game.elf" @"objects.list"  -lrdimon -mcpu=cortex-m4 -T"C:\Users\ktego\Desktop\Elektronika PW\5 semestr\WSYW\Lab\wsyw-22z-103-konrad-tegowski\Projekt\Snake_game\STM32F411CEUX_FLASH.ld" --specs=nosys.specs -Wl,-Map="Snake_game.map" -Wl,--gc-sections -static -specs=rdimon.specs --specs=nano.specs -mfpu=fpv4-sp-d16 -mfloat-abi=hard -mthumb -Wl,--start-group -lc -lm -Wl,--end-group
Finished building target: Snake_game.elf
 
arm-none-eabi-size   Snake_game.elf 
arm-none-eabi-objdump -h -S  Snake_game.elf  > "Snake_game.list"
   text	   data	    bss	    dec	    hex	filename
  32520	    552	   3816	  36888	   9018	Snake_game.elf
Finished building: default.size.stdout
 
Finished building: Snake_game.list
 

11:11:20 Build Finished. 0 errors, 1 warnings. (took 787ms)

